// Jest Snapshot v1, https://goo.gl/fbAQLP

exports[`Test Register Component should render correctly 1`] = `
<div>
  <Nav
    cart={Array []}
    component=""
    onModal={[Function]}
  />
  <ToastContainer
    autoClose={8000}
    bodyClassName={null}
    className={null}
    closeButton={
      <CloseButton
        ariaLabel="close"
      />
    }
    closeOnClick={true}
    draggable={true}
    draggablePercent={80}
    hideProgressBar={false}
    newestOnTop={false}
    pauseOnFocusLoss={true}
    pauseOnHover={true}
    position="top-right"
    progressClassName={null}
    rtl={false}
    style={null}
    toastClassName={null}
    transition={[Function]}
  />
  <div
    className="register-container"
    id="register-bg"
  >
    <div
      className="register-col"
    />
    <div
      className="register-wrapper"
    >
      <h2
        className="login-header"
      >
        SignUp
      </h2>
      <br />
      <h3
        className="text-center danger"
      />
      <form
        className="register"
      >
        <div
          className="form-field"
        >
          <input
            id="name"
            name="name"
            onChange={[Function]}
            placeholder="Fullname"
            required={true}
            type="text"
          />
        </div>
        <div
          className="form-field"
        >
          <input
            autoComplete="true"
            id="username"
            name="username"
            onChange={[Function]}
            placeholder="Username"
            required={true}
            type="text"
          />
        </div>
        <span />
        <div
          className="form-field"
        >
          <input
            id="email"
            name="email"
            onChange={[Function]}
            placeholder="Email"
            required={true}
            type="email"
          />
        </div>
        <div
          className="form-field"
        >
          <input
            autoComplete="true"
            id="password"
            name="password"
            onChange={[Function]}
            placeholder="Password"
            required={true}
            type="password"
          />
        </div>
        <span />
        <div
          className="form-field"
        >
          <input
            autoComplete="true"
            id="vpassword"
            name="vpassword"
            onChange={[Function]}
            placeholder="Confirm Password"
            required={true}
            type="password"
          />
        </div>
        <div>
          <button
            className="button signup-btn"
            name="submit"
            onClick={[Function]}
            style={
              Object {
                "float": "right",
              }
            }
            type="submit"
          >
            SignUp
          </button>
        </div>
        <br />
        <div
          className="form-field"
        >
          <Link
            replace={false}
            to="/login"
          >
            Login
          </Link>
              
          <Link
            replace={false}
            to="/resetLink"
          >
            forgot password? 
          </Link>
        </div>
      </form>
    </div>
    <div
      className="register-col"
    />
  </div>
  <footer />
</div>
`;

exports[`Test Register Component should respond to mapDispatchToProps methods 1`] = `
Object {
  "actions": Object {
    "changePassword": [Function],
    "clearMessages": [Function],
    "getNotifications": [Function],
    "getUser": [Function],
    "loadErrorMessage": [Function],
    "loadNotifications": [Function],
    "loadSuccessMessage": [Function],
    "loadUser": [Function],
    "login": [Function],
    "refreshToken": [Function],
    "register": [Function],
    "resetLink": [Function],
    "updateProfile": [Function],
    "upgrade": [Function],
  },
}
`;

exports[`Test Register Component should respond to mapStateToProps methods 1`] = `
Object {
  "errorMessage": Object {
    "registerError": "Wrong credentials",
  },
}
`;
