// Jest Snapshot v1, https://goo.gl/fbAQLP

exports[`Test parallax components renders correctly 1`] = `
<div
  className="parallex"
>
  <div
    className="parallex-menu"
  >
    <div
      className="parallex-img"
    >
      <span
        className="fa fa-dashboard fa-4x white-color"
        style={
          Object {
            "marginLeft": "40%",
          }
        }
      />
    </div>
    <div
      className="parallex-card"
    >
      <div
        className="container"
      >
        <br />
        <h2
          className="white-color"
        >
          Dashboard
        </h2>
        <p
          className="white-color"
        >
          Enter your dashboard to perform awesome functionality which include ordering for a meal, adding meal options from meal menu
        </p>
      </div>
      <div
        className="parallex-footer"
      >
        <button>
          <Link
            replace={false}
            to="/dashbord"
          >
             more
          </Link>
        </button>
      </div>
    </div>
  </div>
  <div
    className="parallex-menu"
  >
    <div
      className="parallex-img"
    >
      <span
        className="fa fa-rocket fa-4x white-color"
        style={
          Object {
            "marginLeft": "40%",
          }
        }
      />
    </div>
    <div
      className="parallex-card"
    >
      <div
        className="container"
      >
        <br />
        <h2
          className="white-color"
        >
          Login/SignUp
        </h2>
        <p
          className="p-style"
        >
          Login to order menu of your choice with just a single click
        </p>
      </div>
      <div
        className="parallex-footer"
      >
        <button>
          <Link
            replace={false}
            to="/login"
          >
             more
          </Link>
        </button>
      </div>
    </div>
  </div>
  <div
    className="parallex-menu"
  >
    <div
      className="parallex-img"
    >
      <span
        className="fa fa-user fa-4x white-color"
        style={
          Object {
            "marginLeft": "40%",
          }
        }
      />
    </div>
    <div
      className="parallex-card"
    >
      <div
        className="container"
      >
        <br />
        <h2
          className="white-color"
        >
          SignUp
        </h2>
        <p
          className="p-style"
        >
          SignUp to get started. Login to order menu of your choice with just a single click
        </p>
      </div>
      <div
        className="parallex-footer"
      >
        <button>
          <Link
            replace={false}
            to="/register"
          >
             more
          </Link>
        </button>
      </div>
    </div>
  </div>
</div>
`;
