// Jest Snapshot v1, https://goo.gl/fbAQLP

exports[`Testing of sidebar component should render properly 1`] = `
<div>
  <nav
    className="sidebar sidebar1-width nav1"
  >
    <div>
      <em
        className="fa fa-bars l-r-pad-text m-text bar1 toggle1"
        onClick={[Function]}
        role="button"
      />
      <h3
        className="y-color l-r-pad-text"
      >
        <Link
          className="y-color"
          replace={false}
          to="/admin"
        >
          ADMIN
        </Link>
      </h3>
      <ul>
        <li
          className="top-padding li-style"
        >
          <Link
            className="y-color"
            replace={false}
            to="/dashboard"
          >
            Dashoard
          </Link>
        </li>
        <li
          className="top-padding li-style"
        >
          <Link
            className="y-color my-order"
            replace={false}
            to="/admin/allmeals"
          >
            All Meals
          </Link>
        </li>
        <li
          className="top-padding li-style"
        >
          <Link
            className="y-color my-order"
            replace={false}
            to="/admin/addmeals"
          >
            Add Meals
          </Link>
        </li>
        <li
          className="top-padding li-style"
        >
          <Link
            className="y-color my-order"
            replace={false}
            to="/admin/setmenu"
          >
            Set Menu
          </Link>
        </li>
        <li
          className="top-padding li-style"
        >
          <Link
            className="bar1 y-color "
            replace={false}
            to="/dashboard/profile"
          >
            Profile
          </Link>
        </li>
        <li
          className="top-padding li-style"
        >
          <Link
            className="set y-color"
            replace={false}
            to="/dashboard/profile"
          >
            Change Password
          </Link>
        </li>
        <li
          className="top-padding li-style"
        >
          <span
            className="y-color logOut"
            onClick={[Function]}
            role="button"
          >
            LogOut
          </span>
        </li>
      </ul>
    </div>
  </nav>
  <nav
    className="sidebar sidebar2-width nav2"
  >
    <div>
      <em
        className="fa fa-bars l-r-pad-text m-text bar2 y-color"
        onClick={[Function]}
        role="button"
      />
      <h1
        className="l-r-pad-text"
      >
        <a
          href="index.html"
        >
          <em
            className="y-color fa fa-home"
          />
        </a>
      </h1>
      <ul
        className=""
      >
        <li
          className="top-padding li-style"
        >
          <Link
            className="y-color dashboard dashboard-link"
            onMouseEnter={[Function]}
            onMouseLeave={[Function]}
            replace={false}
            to="/dashboard"
          >
            <em
              className="fa fa-dashboard"
            />
          </Link>
          <span
            className="p-dash m-text dash"
          >
            Dashoard
          </span>
        </li>
        <li
          className="top-padding li-style"
        >
          <Link
            className="y-color m-text allMeal-link"
            onMouseEnter={[Function]}
            onMouseLeave={[Function]}
            replace={false}
            to="/admin/allmeals"
          >
            <em
              className="fa fa-list-alt popover all-meal"
            />
          </Link>
          <span
            className="p-all m-text order"
          >
            All Meals
          </span>
        </li>
        <li
          className="top-padding li-style"
        >
          <Link
            className="y-color m-text addmeal-link"
            onMouseEnter={[Function]}
            onMouseLeave={[Function]}
            replace={false}
            to="/admin/addmeals"
          >
            <em
              className="fa fa-cart-plus "
            />
          </Link>
          <span
            className="p-notif m-text "
          >
            Add Meals
          </span>
        </li>
        <li
          className="top-padding li-style"
        >
          <Link
            className="y-color m-text setmeal-link"
            onMouseEnter={[Function]}
            onMouseLeave={[Function]}
            replace={false}
            to="/admin/setmenu"
          >
            <em
              className="fa fa-plus "
            />
          </Link>
          <span
            className="p-notif m-text setmaeal"
          >
            Set Menu
          </span>
        </li>
        <li
          className="top-padding li-style"
        >
          <Link
            className="y-color m-text profile-link"
            onMouseEnter={[Function]}
            onMouseLeave={[Function]}
            replace={false}
            to="dashboard/profile"
          >
            <em
              className="fa fa-user add-meal"
            />
          </Link>
          <label
            className="p-add m-text profile"
          >
            Profile
          </label>
        </li>
        <li
          className="top-padding li-style"
        >
          <Link
            className="y-color m-text cpassword-link"
            onMouseEnter={[Function]}
            onMouseLeave={[Function]}
            replace={false}
            to="dashboard/profile"
          >
            <em
              className="fa fa-edit set-meal"
            />
          </Link>
          <label
            className="p-set m-text 12345"
          >
            Change Password
          </label>
        </li>
        <li
          className="top-padding li-style"
        >
          <span
            className="y-color m-text logout-link"
            onClick={[Function]}
            onMouseEnter={[Function]}
            onMouseLeave={[Function]}
            role="button"
          >
            <em
              className="fa fa-power-off "
            />
          </span>
          <label
            className="p-out m-text logout"
          >
            LougOut
          </label>
        </li>
      </ul>
    </div>
  </nav>
</div>
`;

exports[`Testing of sidebar component should respond to dashbord link events 1`] = `
<div>
  <nav
    className="sidebar sidebar1-width nav1"
  >
    <div>
      <em
        className="fa fa-bars l-r-pad-text m-text bar1 toggle1"
        onClick={[Function]}
        role="button"
      />
      <h3
        className="y-color l-r-pad-text"
      >
        <Link
          className="y-color"
          replace={false}
          to="/admin"
        >
          ADMIN
        </Link>
      </h3>
      <ul>
        <li
          className="top-padding li-style"
        >
          <Link
            className="y-color"
            replace={false}
            to="/dashboard"
          >
            Dashoard
          </Link>
        </li>
        <li
          className="top-padding li-style"
        >
          <Link
            className="y-color my-order"
            replace={false}
            to="/admin/allmeals"
          >
            All Meals
          </Link>
        </li>
        <li
          className="top-padding li-style"
        >
          <Link
            className="y-color my-order"
            replace={false}
            to="/admin/addmeals"
          >
            Add Meals
          </Link>
        </li>
        <li
          className="top-padding li-style"
        >
          <Link
            className="y-color my-order"
            replace={false}
            to="/admin/setmenu"
          >
            Set Menu
          </Link>
        </li>
        <li
          className="top-padding li-style"
        >
          <Link
            className="bar1 y-color "
            replace={false}
            to="/dashboard/profile"
          >
            Profile
          </Link>
        </li>
        <li
          className="top-padding li-style"
        >
          <Link
            className="set y-color"
            replace={false}
            to="/dashboard/profile"
          >
            Change Password
          </Link>
        </li>
        <li
          className="top-padding li-style"
        >
          <span
            className="y-color logOut"
            onClick={[Function]}
            role="button"
          >
            LogOut
          </span>
        </li>
      </ul>
    </div>
  </nav>
  <nav
    className="sidebar sidebar2-width nav2"
  >
    <div>
      <em
        className="fa fa-bars l-r-pad-text m-text bar2 y-color"
        onClick={[Function]}
        role="button"
      />
      <h1
        className="l-r-pad-text"
      >
        <a
          href="index.html"
        >
          <em
            className="y-color fa fa-home"
          />
        </a>
      </h1>
      <ul
        className=""
      >
        <li
          className="top-padding li-style"
        >
          <Link
            className="y-color dashboard dashboard-link"
            onMouseEnter={[Function]}
            onMouseLeave={[Function]}
            replace={false}
            to="/dashboard"
          >
            <em
              className="fa fa-dashboard"
            />
          </Link>
          <span
            className="p-dash m-text dash"
          >
            Dashoard
          </span>
        </li>
        <li
          className="top-padding li-style"
        >
          <Link
            className="y-color m-text allMeal-link"
            onMouseEnter={[Function]}
            onMouseLeave={[Function]}
            replace={false}
            to="/admin/allmeals"
          >
            <em
              className="fa fa-list-alt popover all-meal"
            />
          </Link>
          <span
            className="p-all m-text order"
          >
            All Meals
          </span>
        </li>
        <li
          className="top-padding li-style"
        >
          <Link
            className="y-color m-text addmeal-link"
            onMouseEnter={[Function]}
            onMouseLeave={[Function]}
            replace={false}
            to="/admin/addmeals"
          >
            <em
              className="fa fa-cart-plus "
            />
          </Link>
          <span
            className="p-notif m-text "
          >
            Add Meals
          </span>
        </li>
        <li
          className="top-padding li-style"
        >
          <Link
            className="y-color m-text setmeal-link"
            onMouseEnter={[Function]}
            onMouseLeave={[Function]}
            replace={false}
            to="/admin/setmenu"
          >
            <em
              className="fa fa-plus "
            />
          </Link>
          <span
            className="p-notif m-text setmaeal"
          >
            Set Menu
          </span>
        </li>
        <li
          className="top-padding li-style"
        >
          <Link
            className="y-color m-text profile-link"
            onMouseEnter={[Function]}
            onMouseLeave={[Function]}
            replace={false}
            to="dashboard/profile"
          >
            <em
              className="fa fa-user add-meal"
            />
          </Link>
          <label
            className="p-add m-text profile"
          >
            Profile
          </label>
        </li>
        <li
          className="top-padding li-style"
        >
          <Link
            className="y-color m-text cpassword-link"
            onMouseEnter={[Function]}
            onMouseLeave={[Function]}
            replace={false}
            to="dashboard/profile"
          >
            <em
              className="fa fa-edit set-meal"
            />
          </Link>
          <label
            className="p-set m-text 12345"
          >
            Change Password
          </label>
        </li>
        <li
          className="top-padding li-style"
        >
          <span
            className="y-color m-text logout-link"
            onClick={[Function]}
            onMouseEnter={[Function]}
            onMouseLeave={[Function]}
            role="button"
          >
            <em
              className="fa fa-power-off "
            />
          </span>
          <label
            className="p-out m-text logout"
          >
            LougOut
          </label>
        </li>
      </ul>
    </div>
  </nav>
</div>
`;

exports[`Testing of sidebar component should respond to dashbord link events 2`] = `
<div>
  <nav
    className="sidebar sidebar1-width nav1"
  >
    <div>
      <em
        className="fa fa-bars l-r-pad-text m-text bar1 toggle1"
        onClick={[Function]}
        role="button"
      />
      <h3
        className="y-color l-r-pad-text"
      >
        <Link
          className="y-color"
          replace={false}
          to="/admin"
        >
          ADMIN
        </Link>
      </h3>
      <ul>
        <li
          className="top-padding li-style"
        >
          <Link
            className="y-color"
            replace={false}
            to="/dashboard"
          >
            Dashoard
          </Link>
        </li>
        <li
          className="top-padding li-style"
        >
          <Link
            className="y-color my-order"
            replace={false}
            to="/admin/allmeals"
          >
            All Meals
          </Link>
        </li>
        <li
          className="top-padding li-style"
        >
          <Link
            className="y-color my-order"
            replace={false}
            to="/admin/addmeals"
          >
            Add Meals
          </Link>
        </li>
        <li
          className="top-padding li-style"
        >
          <Link
            className="y-color my-order"
            replace={false}
            to="/admin/setmenu"
          >
            Set Menu
          </Link>
        </li>
        <li
          className="top-padding li-style"
        >
          <Link
            className="bar1 y-color "
            replace={false}
            to="/dashboard/profile"
          >
            Profile
          </Link>
        </li>
        <li
          className="top-padding li-style"
        >
          <Link
            className="set y-color"
            replace={false}
            to="/dashboard/profile"
          >
            Change Password
          </Link>
        </li>
        <li
          className="top-padding li-style"
        >
          <span
            className="y-color logOut"
            onClick={[Function]}
            role="button"
          >
            LogOut
          </span>
        </li>
      </ul>
    </div>
  </nav>
  <nav
    className="sidebar sidebar2-width nav2"
  >
    <div>
      <em
        className="fa fa-bars l-r-pad-text m-text bar2 y-color"
        onClick={[Function]}
        role="button"
      />
      <h1
        className="l-r-pad-text"
      >
        <a
          href="index.html"
        >
          <em
            className="y-color fa fa-home"
          />
        </a>
      </h1>
      <ul
        className=""
      >
        <li
          className="top-padding li-style"
        >
          <Link
            className="y-color dashboard dashboard-link"
            onMouseEnter={[Function]}
            onMouseLeave={[Function]}
            replace={false}
            to="/dashboard"
          >
            <em
              className="fa fa-dashboard"
            />
          </Link>
          <span
            className="p-dash m-text dash"
          >
            Dashoard
          </span>
        </li>
        <li
          className="top-padding li-style"
        >
          <Link
            className="y-color m-text allMeal-link"
            onMouseEnter={[Function]}
            onMouseLeave={[Function]}
            replace={false}
            to="/admin/allmeals"
          >
            <em
              className="fa fa-list-alt popover all-meal"
            />
          </Link>
          <span
            className="p-all m-text order"
          >
            All Meals
          </span>
        </li>
        <li
          className="top-padding li-style"
        >
          <Link
            className="y-color m-text addmeal-link"
            onMouseEnter={[Function]}
            onMouseLeave={[Function]}
            replace={false}
            to="/admin/addmeals"
          >
            <em
              className="fa fa-cart-plus "
            />
          </Link>
          <span
            className="p-notif m-text "
          >
            Add Meals
          </span>
        </li>
        <li
          className="top-padding li-style"
        >
          <Link
            className="y-color m-text setmeal-link"
            onMouseEnter={[Function]}
            onMouseLeave={[Function]}
            replace={false}
            to="/admin/setmenu"
          >
            <em
              className="fa fa-plus "
            />
          </Link>
          <span
            className="p-notif m-text setmaeal"
          >
            Set Menu
          </span>
        </li>
        <li
          className="top-padding li-style"
        >
          <Link
            className="y-color m-text profile-link"
            onMouseEnter={[Function]}
            onMouseLeave={[Function]}
            replace={false}
            to="dashboard/profile"
          >
            <em
              className="fa fa-user add-meal"
            />
          </Link>
          <label
            className="p-add m-text profile"
          >
            Profile
          </label>
        </li>
        <li
          className="top-padding li-style"
        >
          <Link
            className="y-color m-text cpassword-link"
            onMouseEnter={[Function]}
            onMouseLeave={[Function]}
            replace={false}
            to="dashboard/profile"
          >
            <em
              className="fa fa-edit set-meal"
            />
          </Link>
          <label
            className="p-set m-text 12345"
          >
            Change Password
          </label>
        </li>
        <li
          className="top-padding li-style"
        >
          <span
            className="y-color m-text logout-link"
            onClick={[Function]}
            onMouseEnter={[Function]}
            onMouseLeave={[Function]}
            role="button"
          >
            <em
              className="fa fa-power-off "
            />
          </span>
          <label
            className="p-out m-text logout"
          >
            LougOut
          </label>
        </li>
      </ul>
    </div>
  </nav>
</div>
`;

exports[`Testing of sidebar component should respond to dashbord link events 3`] = `
<div>
  <nav
    className="sidebar sidebar1-width nav1"
  >
    <div>
      <em
        className="fa fa-bars l-r-pad-text m-text bar1 toggle1"
        onClick={[Function]}
        role="button"
      />
      <h3
        className="y-color l-r-pad-text"
      >
        <Link
          className="y-color"
          replace={false}
          to="/admin"
        >
          ADMIN
        </Link>
      </h3>
      <ul>
        <li
          className="top-padding li-style"
        >
          <Link
            className="y-color"
            replace={false}
            to="/dashboard"
          >
            Dashoard
          </Link>
        </li>
        <li
          className="top-padding li-style"
        >
          <Link
            className="y-color my-order"
            replace={false}
            to="/admin/allmeals"
          >
            All Meals
          </Link>
        </li>
        <li
          className="top-padding li-style"
        >
          <Link
            className="y-color my-order"
            replace={false}
            to="/admin/addmeals"
          >
            Add Meals
          </Link>
        </li>
        <li
          className="top-padding li-style"
        >
          <Link
            className="y-color my-order"
            replace={false}
            to="/admin/setmenu"
          >
            Set Menu
          </Link>
        </li>
        <li
          className="top-padding li-style"
        >
          <Link
            className="bar1 y-color "
            replace={false}
            to="/dashboard/profile"
          >
            Profile
          </Link>
        </li>
        <li
          className="top-padding li-style"
        >
          <Link
            className="set y-color"
            replace={false}
            to="/dashboard/profile"
          >
            Change Password
          </Link>
        </li>
        <li
          className="top-padding li-style"
        >
          <span
            className="y-color logOut"
            onClick={[Function]}
            role="button"
          >
            LogOut
          </span>
        </li>
      </ul>
    </div>
  </nav>
  <nav
    className="sidebar sidebar2-width nav2"
  >
    <div>
      <em
        className="fa fa-bars l-r-pad-text m-text bar2 y-color"
        onClick={[Function]}
        role="button"
      />
      <h1
        className="l-r-pad-text"
      >
        <a
          href="index.html"
        >
          <em
            className="y-color fa fa-home"
          />
        </a>
      </h1>
      <ul
        className=""
      >
        <li
          className="top-padding li-style"
        >
          <Link
            className="y-color dashboard dashboard-link"
            onMouseEnter={[Function]}
            onMouseLeave={[Function]}
            replace={false}
            to="/dashboard"
          >
            <em
              className="fa fa-dashboard"
            />
          </Link>
          <span
            className="p-dash m-text dash"
          >
            Dashoard
          </span>
        </li>
        <li
          className="top-padding li-style"
        >
          <Link
            className="y-color m-text allMeal-link"
            onMouseEnter={[Function]}
            onMouseLeave={[Function]}
            replace={false}
            to="/admin/allmeals"
          >
            <em
              className="fa fa-list-alt popover all-meal"
            />
          </Link>
          <span
            className="p-all m-text order"
          >
            All Meals
          </span>
        </li>
        <li
          className="top-padding li-style"
        >
          <Link
            className="y-color m-text addmeal-link"
            onMouseEnter={[Function]}
            onMouseLeave={[Function]}
            replace={false}
            to="/admin/addmeals"
          >
            <em
              className="fa fa-cart-plus "
            />
          </Link>
          <span
            className="p-notif m-text "
          >
            Add Meals
          </span>
        </li>
        <li
          className="top-padding li-style"
        >
          <Link
            className="y-color m-text setmeal-link"
            onMouseEnter={[Function]}
            onMouseLeave={[Function]}
            replace={false}
            to="/admin/setmenu"
          >
            <em
              className="fa fa-plus "
            />
          </Link>
          <span
            className="p-notif m-text setmaeal"
          >
            Set Menu
          </span>
        </li>
        <li
          className="top-padding li-style"
        >
          <Link
            className="y-color m-text profile-link"
            onMouseEnter={[Function]}
            onMouseLeave={[Function]}
            replace={false}
            to="dashboard/profile"
          >
            <em
              className="fa fa-user add-meal"
            />
          </Link>
          <label
            className="p-add m-text profile"
          >
            Profile
          </label>
        </li>
        <li
          className="top-padding li-style"
        >
          <Link
            className="y-color m-text cpassword-link"
            onMouseEnter={[Function]}
            onMouseLeave={[Function]}
            replace={false}
            to="dashboard/profile"
          >
            <em
              className="fa fa-edit set-meal"
            />
          </Link>
          <label
            className="p-set m-text 12345"
          >
            Change Password
          </label>
        </li>
        <li
          className="top-padding li-style"
        >
          <span
            className="y-color m-text logout-link"
            onClick={[Function]}
            onMouseEnter={[Function]}
            onMouseLeave={[Function]}
            role="button"
          >
            <em
              className="fa fa-power-off "
            />
          </span>
          <label
            className="p-out m-text logout"
          >
            LougOut
          </label>
        </li>
      </ul>
    </div>
  </nav>
</div>
`;

exports[`Testing of sidebar component should respond to handleClick and handleClose events of addMeal, 1`] = `
<div>
  <nav
    className="sidebar sidebar1-width nav1"
  >
    <div>
      <em
        className="fa fa-bars l-r-pad-text m-text bar1 toggle1"
        onClick={[Function]}
        role="button"
      />
      <h3
        className="y-color l-r-pad-text"
      >
        <Link
          className="y-color"
          replace={false}
          to="/admin"
        >
          ADMIN
        </Link>
      </h3>
      <ul>
        <li
          className="top-padding li-style"
        >
          <Link
            className="y-color"
            replace={false}
            to="/dashboard"
          >
            Dashoard
          </Link>
        </li>
        <li
          className="top-padding li-style"
        >
          <Link
            className="y-color my-order"
            replace={false}
            to="/admin/allmeals"
          >
            All Meals
          </Link>
        </li>
        <li
          className="top-padding li-style"
        >
          <Link
            className="y-color my-order"
            replace={false}
            to="/admin/addmeals"
          >
            Add Meals
          </Link>
        </li>
        <li
          className="top-padding li-style"
        >
          <Link
            className="y-color my-order"
            replace={false}
            to="/admin/setmenu"
          >
            Set Menu
          </Link>
        </li>
        <li
          className="top-padding li-style"
        >
          <Link
            className="bar1 y-color "
            replace={false}
            to="/dashboard/profile"
          >
            Profile
          </Link>
        </li>
        <li
          className="top-padding li-style"
        >
          <Link
            className="set y-color"
            replace={false}
            to="/dashboard/profile"
          >
            Change Password
          </Link>
        </li>
        <li
          className="top-padding li-style"
        >
          <span
            className="y-color logOut"
            onClick={[Function]}
            role="button"
          >
            LogOut
          </span>
        </li>
      </ul>
    </div>
  </nav>
  <nav
    className="sidebar sidebar2-width nav2"
  >
    <div>
      <em
        className="fa fa-bars l-r-pad-text m-text bar2 y-color"
        onClick={[Function]}
        role="button"
      />
      <h1
        className="l-r-pad-text"
      >
        <a
          href="index.html"
        >
          <em
            className="y-color fa fa-home"
          />
        </a>
      </h1>
      <ul
        className=""
      >
        <li
          className="top-padding li-style"
        >
          <Link
            className="y-color dashboard dashboard-link"
            onMouseEnter={[Function]}
            onMouseLeave={[Function]}
            replace={false}
            to="/dashboard"
          >
            <em
              className="fa fa-dashboard"
            />
          </Link>
          <span
            className="p-dash m-text dash"
          >
            Dashoard
          </span>
        </li>
        <li
          className="top-padding li-style"
        >
          <Link
            className="y-color m-text allMeal-link"
            onMouseEnter={[Function]}
            onMouseLeave={[Function]}
            replace={false}
            to="/admin/allmeals"
          >
            <em
              className="fa fa-list-alt popover all-meal"
            />
          </Link>
          <span
            className="p-all m-text order"
          >
            All Meals
          </span>
        </li>
        <li
          className="top-padding li-style"
        >
          <Link
            className="y-color m-text addmeal-link"
            onMouseEnter={[Function]}
            onMouseLeave={[Function]}
            replace={false}
            to="/admin/addmeals"
          >
            <em
              className="fa fa-cart-plus "
            />
          </Link>
          <span
            className="p-notif m-text "
          >
            Add Meals
          </span>
        </li>
        <li
          className="top-padding li-style"
        >
          <Link
            className="y-color m-text setmeal-link"
            onMouseEnter={[Function]}
            onMouseLeave={[Function]}
            replace={false}
            to="/admin/setmenu"
          >
            <em
              className="fa fa-plus "
            />
          </Link>
          <span
            className="p-notif m-text setmaeal"
          >
            Set Menu
          </span>
        </li>
        <li
          className="top-padding li-style"
        >
          <Link
            className="y-color m-text profile-link"
            onMouseEnter={[Function]}
            onMouseLeave={[Function]}
            replace={false}
            to="dashboard/profile"
          >
            <em
              className="fa fa-user add-meal"
            />
          </Link>
          <label
            className="p-add m-text profile"
          >
            Profile
          </label>
        </li>
        <li
          className="top-padding li-style"
        >
          <Link
            className="y-color m-text cpassword-link"
            onMouseEnter={[Function]}
            onMouseLeave={[Function]}
            replace={false}
            to="dashboard/profile"
          >
            <em
              className="fa fa-edit set-meal"
            />
          </Link>
          <label
            className="p-set m-text 12345"
          >
            Change Password
          </label>
        </li>
        <li
          className="top-padding li-style"
        >
          <span
            className="y-color m-text logout-link"
            onClick={[Function]}
            onMouseEnter={[Function]}
            onMouseLeave={[Function]}
            role="button"
          >
            <em
              className="fa fa-power-off "
            />
          </span>
          <label
            className="p-out m-text logout"
          >
            LougOut
          </label>
        </li>
      </ul>
    </div>
  </nav>
</div>
`;

exports[`Testing of sidebar component should respond to handleClick and handleClose events of addMeal, 2`] = `
<div>
  <nav
    className="sidebar sidebar1-width nav1"
  >
    <div>
      <em
        className="fa fa-bars l-r-pad-text m-text bar1 toggle1"
        onClick={[Function]}
        role="button"
      />
      <h3
        className="y-color l-r-pad-text"
      >
        <Link
          className="y-color"
          replace={false}
          to="/admin"
        >
          ADMIN
        </Link>
      </h3>
      <ul>
        <li
          className="top-padding li-style"
        >
          <Link
            className="y-color"
            replace={false}
            to="/dashboard"
          >
            Dashoard
          </Link>
        </li>
        <li
          className="top-padding li-style"
        >
          <Link
            className="y-color my-order"
            replace={false}
            to="/admin/allmeals"
          >
            All Meals
          </Link>
        </li>
        <li
          className="top-padding li-style"
        >
          <Link
            className="y-color my-order"
            replace={false}
            to="/admin/addmeals"
          >
            Add Meals
          </Link>
        </li>
        <li
          className="top-padding li-style"
        >
          <Link
            className="y-color my-order"
            replace={false}
            to="/admin/setmenu"
          >
            Set Menu
          </Link>
        </li>
        <li
          className="top-padding li-style"
        >
          <Link
            className="bar1 y-color "
            replace={false}
            to="/dashboard/profile"
          >
            Profile
          </Link>
        </li>
        <li
          className="top-padding li-style"
        >
          <Link
            className="set y-color"
            replace={false}
            to="/dashboard/profile"
          >
            Change Password
          </Link>
        </li>
        <li
          className="top-padding li-style"
        >
          <span
            className="y-color logOut"
            onClick={[Function]}
            role="button"
          >
            LogOut
          </span>
        </li>
      </ul>
    </div>
  </nav>
  <nav
    className="sidebar sidebar2-width nav2"
  >
    <div>
      <em
        className="fa fa-bars l-r-pad-text m-text bar2 y-color"
        onClick={[Function]}
        role="button"
      />
      <h1
        className="l-r-pad-text"
      >
        <a
          href="index.html"
        >
          <em
            className="y-color fa fa-home"
          />
        </a>
      </h1>
      <ul
        className=""
      >
        <li
          className="top-padding li-style"
        >
          <Link
            className="y-color dashboard dashboard-link"
            onMouseEnter={[Function]}
            onMouseLeave={[Function]}
            replace={false}
            to="/dashboard"
          >
            <em
              className="fa fa-dashboard"
            />
          </Link>
          <span
            className="p-dash m-text dash"
          >
            Dashoard
          </span>
        </li>
        <li
          className="top-padding li-style"
        >
          <Link
            className="y-color m-text allMeal-link"
            onMouseEnter={[Function]}
            onMouseLeave={[Function]}
            replace={false}
            to="/admin/allmeals"
          >
            <em
              className="fa fa-list-alt popover all-meal"
            />
          </Link>
          <span
            className="p-all m-text order"
          >
            All Meals
          </span>
        </li>
        <li
          className="top-padding li-style"
        >
          <Link
            className="y-color m-text addmeal-link"
            onMouseEnter={[Function]}
            onMouseLeave={[Function]}
            replace={false}
            to="/admin/addmeals"
          >
            <em
              className="fa fa-cart-plus "
            />
          </Link>
          <span
            className="p-notif m-text "
          >
            Add Meals
          </span>
        </li>
        <li
          className="top-padding li-style"
        >
          <Link
            className="y-color m-text setmeal-link"
            onMouseEnter={[Function]}
            onMouseLeave={[Function]}
            replace={false}
            to="/admin/setmenu"
          >
            <em
              className="fa fa-plus "
            />
          </Link>
          <span
            className="p-notif m-text setmaeal"
          >
            Set Menu
          </span>
        </li>
        <li
          className="top-padding li-style"
        >
          <Link
            className="y-color m-text profile-link"
            onMouseEnter={[Function]}
            onMouseLeave={[Function]}
            replace={false}
            to="dashboard/profile"
          >
            <em
              className="fa fa-user add-meal"
            />
          </Link>
          <label
            className="p-add m-text profile"
          >
            Profile
          </label>
        </li>
        <li
          className="top-padding li-style"
        >
          <Link
            className="y-color m-text cpassword-link"
            onMouseEnter={[Function]}
            onMouseLeave={[Function]}
            replace={false}
            to="dashboard/profile"
          >
            <em
              className="fa fa-edit set-meal"
            />
          </Link>
          <label
            className="p-set m-text 12345"
          >
            Change Password
          </label>
        </li>
        <li
          className="top-padding li-style"
        >
          <span
            className="y-color m-text logout-link"
            onClick={[Function]}
            onMouseEnter={[Function]}
            onMouseLeave={[Function]}
            role="button"
          >
            <em
              className="fa fa-power-off "
            />
          </span>
          <label
            className="p-out m-text logout"
          >
            LougOut
          </label>
        </li>
      </ul>
    </div>
  </nav>
</div>
`;

exports[`Testing of sidebar component should respond to handleClick and handleClose events of notification, 1`] = `
<div>
  <nav
    className="sidebar sidebar1-width nav1"
  >
    <div>
      <em
        className="fa fa-bars l-r-pad-text m-text bar1 toggle1"
        onClick={[Function]}
        role="button"
      />
      <h3
        className="y-color l-r-pad-text"
      >
        <Link
          className="y-color"
          replace={false}
          to="/admin"
        >
          ADMIN
        </Link>
      </h3>
      <ul>
        <li
          className="top-padding li-style"
        >
          <Link
            className="y-color"
            replace={false}
            to="/dashboard"
          >
            Dashoard
          </Link>
        </li>
        <li
          className="top-padding li-style"
        >
          <Link
            className="y-color my-order"
            replace={false}
            to="/admin/allmeals"
          >
            All Meals
          </Link>
        </li>
        <li
          className="top-padding li-style"
        >
          <Link
            className="y-color my-order"
            replace={false}
            to="/admin/addmeals"
          >
            Add Meals
          </Link>
        </li>
        <li
          className="top-padding li-style"
        >
          <Link
            className="y-color my-order"
            replace={false}
            to="/admin/setmenu"
          >
            Set Menu
          </Link>
        </li>
        <li
          className="top-padding li-style"
        >
          <Link
            className="bar1 y-color "
            replace={false}
            to="/dashboard/profile"
          >
            Profile
          </Link>
        </li>
        <li
          className="top-padding li-style"
        >
          <Link
            className="set y-color"
            replace={false}
            to="/dashboard/profile"
          >
            Change Password
          </Link>
        </li>
        <li
          className="top-padding li-style"
        >
          <span
            className="y-color logOut"
            onClick={[Function]}
            role="button"
          >
            LogOut
          </span>
        </li>
      </ul>
    </div>
  </nav>
  <nav
    className="sidebar sidebar2-width nav2"
  >
    <div>
      <em
        className="fa fa-bars l-r-pad-text m-text bar2 y-color"
        onClick={[Function]}
        role="button"
      />
      <h1
        className="l-r-pad-text"
      >
        <a
          href="index.html"
        >
          <em
            className="y-color fa fa-home"
          />
        </a>
      </h1>
      <ul
        className=""
      >
        <li
          className="top-padding li-style"
        >
          <Link
            className="y-color dashboard dashboard-link"
            onMouseEnter={[Function]}
            onMouseLeave={[Function]}
            replace={false}
            to="/dashboard"
          >
            <em
              className="fa fa-dashboard"
            />
          </Link>
          <span
            className="p-dash m-text dash"
          >
            Dashoard
          </span>
        </li>
        <li
          className="top-padding li-style"
        >
          <Link
            className="y-color m-text allMeal-link"
            onMouseEnter={[Function]}
            onMouseLeave={[Function]}
            replace={false}
            to="/admin/allmeals"
          >
            <em
              className="fa fa-list-alt popover all-meal"
            />
          </Link>
          <span
            className="p-all m-text order"
          >
            All Meals
          </span>
        </li>
        <li
          className="top-padding li-style"
        >
          <Link
            className="y-color m-text addmeal-link"
            onMouseEnter={[Function]}
            onMouseLeave={[Function]}
            replace={false}
            to="/admin/addmeals"
          >
            <em
              className="fa fa-cart-plus "
            />
          </Link>
          <span
            className="p-notif m-text "
          >
            Add Meals
          </span>
        </li>
        <li
          className="top-padding li-style"
        >
          <Link
            className="y-color m-text setmeal-link"
            onMouseEnter={[Function]}
            onMouseLeave={[Function]}
            replace={false}
            to="/admin/setmenu"
          >
            <em
              className="fa fa-plus "
            />
          </Link>
          <span
            className="p-notif m-text setmaeal"
          >
            Set Menu
          </span>
        </li>
        <li
          className="top-padding li-style"
        >
          <Link
            className="y-color m-text profile-link"
            onMouseEnter={[Function]}
            onMouseLeave={[Function]}
            replace={false}
            to="dashboard/profile"
          >
            <em
              className="fa fa-user add-meal"
            />
          </Link>
          <label
            className="p-add m-text profile"
          >
            Profile
          </label>
        </li>
        <li
          className="top-padding li-style"
        >
          <Link
            className="y-color m-text cpassword-link"
            onMouseEnter={[Function]}
            onMouseLeave={[Function]}
            replace={false}
            to="dashboard/profile"
          >
            <em
              className="fa fa-edit set-meal"
            />
          </Link>
          <label
            className="p-set m-text 12345"
          >
            Change Password
          </label>
        </li>
        <li
          className="top-padding li-style"
        >
          <span
            className="y-color m-text logout-link"
            onClick={[Function]}
            onMouseEnter={[Function]}
            onMouseLeave={[Function]}
            role="button"
          >
            <em
              className="fa fa-power-off "
            />
          </span>
          <label
            className="p-out m-text logout"
          >
            LougOut
          </label>
        </li>
      </ul>
    </div>
  </nav>
</div>
`;

exports[`Testing of sidebar component should respond to handleClick and handleClose events of notification, 2`] = `
<div>
  <nav
    className="sidebar sidebar1-width nav1"
  >
    <div>
      <em
        className="fa fa-bars l-r-pad-text m-text bar1 toggle1"
        onClick={[Function]}
        role="button"
      />
      <h3
        className="y-color l-r-pad-text"
      >
        <Link
          className="y-color"
          replace={false}
          to="/admin"
        >
          ADMIN
        </Link>
      </h3>
      <ul>
        <li
          className="top-padding li-style"
        >
          <Link
            className="y-color"
            replace={false}
            to="/dashboard"
          >
            Dashoard
          </Link>
        </li>
        <li
          className="top-padding li-style"
        >
          <Link
            className="y-color my-order"
            replace={false}
            to="/admin/allmeals"
          >
            All Meals
          </Link>
        </li>
        <li
          className="top-padding li-style"
        >
          <Link
            className="y-color my-order"
            replace={false}
            to="/admin/addmeals"
          >
            Add Meals
          </Link>
        </li>
        <li
          className="top-padding li-style"
        >
          <Link
            className="y-color my-order"
            replace={false}
            to="/admin/setmenu"
          >
            Set Menu
          </Link>
        </li>
        <li
          className="top-padding li-style"
        >
          <Link
            className="bar1 y-color "
            replace={false}
            to="/dashboard/profile"
          >
            Profile
          </Link>
        </li>
        <li
          className="top-padding li-style"
        >
          <Link
            className="set y-color"
            replace={false}
            to="/dashboard/profile"
          >
            Change Password
          </Link>
        </li>
        <li
          className="top-padding li-style"
        >
          <span
            className="y-color logOut"
            onClick={[Function]}
            role="button"
          >
            LogOut
          </span>
        </li>
      </ul>
    </div>
  </nav>
  <nav
    className="sidebar sidebar2-width nav2"
  >
    <div>
      <em
        className="fa fa-bars l-r-pad-text m-text bar2 y-color"
        onClick={[Function]}
        role="button"
      />
      <h1
        className="l-r-pad-text"
      >
        <a
          href="index.html"
        >
          <em
            className="y-color fa fa-home"
          />
        </a>
      </h1>
      <ul
        className=""
      >
        <li
          className="top-padding li-style"
        >
          <Link
            className="y-color dashboard dashboard-link"
            onMouseEnter={[Function]}
            onMouseLeave={[Function]}
            replace={false}
            to="/dashboard"
          >
            <em
              className="fa fa-dashboard"
            />
          </Link>
          <span
            className="p-dash m-text dash"
          >
            Dashoard
          </span>
        </li>
        <li
          className="top-padding li-style"
        >
          <Link
            className="y-color m-text allMeal-link"
            onMouseEnter={[Function]}
            onMouseLeave={[Function]}
            replace={false}
            to="/admin/allmeals"
          >
            <em
              className="fa fa-list-alt popover all-meal"
            />
          </Link>
          <span
            className="p-all m-text order"
          >
            All Meals
          </span>
        </li>
        <li
          className="top-padding li-style"
        >
          <Link
            className="y-color m-text addmeal-link"
            onMouseEnter={[Function]}
            onMouseLeave={[Function]}
            replace={false}
            to="/admin/addmeals"
          >
            <em
              className="fa fa-cart-plus "
            />
          </Link>
          <span
            className="p-notif m-text "
          >
            Add Meals
          </span>
        </li>
        <li
          className="top-padding li-style"
        >
          <Link
            className="y-color m-text setmeal-link"
            onMouseEnter={[Function]}
            onMouseLeave={[Function]}
            replace={false}
            to="/admin/setmenu"
          >
            <em
              className="fa fa-plus "
            />
          </Link>
          <span
            className="p-notif m-text setmaeal"
          >
            Set Menu
          </span>
        </li>
        <li
          className="top-padding li-style"
        >
          <Link
            className="y-color m-text profile-link"
            onMouseEnter={[Function]}
            onMouseLeave={[Function]}
            replace={false}
            to="dashboard/profile"
          >
            <em
              className="fa fa-user add-meal"
            />
          </Link>
          <label
            className="p-add m-text profile"
          >
            Profile
          </label>
        </li>
        <li
          className="top-padding li-style"
        >
          <Link
            className="y-color m-text cpassword-link"
            onMouseEnter={[Function]}
            onMouseLeave={[Function]}
            replace={false}
            to="dashboard/profile"
          >
            <em
              className="fa fa-edit set-meal"
            />
          </Link>
          <label
            className="p-set m-text 12345"
          >
            Change Password
          </label>
        </li>
        <li
          className="top-padding li-style"
        >
          <span
            className="y-color m-text logout-link"
            onClick={[Function]}
            onMouseEnter={[Function]}
            onMouseLeave={[Function]}
            role="button"
          >
            <em
              className="fa fa-power-off "
            />
          </span>
          <label
            className="p-out m-text logout"
          >
            LougOut
          </label>
        </li>
      </ul>
    </div>
  </nav>
</div>
`;

exports[`Testing of sidebar component should respond to handleClick and handleClose events of setmeal, 1`] = `
<div>
  <nav
    className="sidebar sidebar1-width nav1"
  >
    <div>
      <em
        className="fa fa-bars l-r-pad-text m-text bar1 toggle1"
        onClick={[Function]}
        role="button"
      />
      <h3
        className="y-color l-r-pad-text"
      >
        <Link
          className="y-color"
          replace={false}
          to="/admin"
        >
          ADMIN
        </Link>
      </h3>
      <ul>
        <li
          className="top-padding li-style"
        >
          <Link
            className="y-color"
            replace={false}
            to="/dashboard"
          >
            Dashoard
          </Link>
        </li>
        <li
          className="top-padding li-style"
        >
          <Link
            className="y-color my-order"
            replace={false}
            to="/admin/allmeals"
          >
            All Meals
          </Link>
        </li>
        <li
          className="top-padding li-style"
        >
          <Link
            className="y-color my-order"
            replace={false}
            to="/admin/addmeals"
          >
            Add Meals
          </Link>
        </li>
        <li
          className="top-padding li-style"
        >
          <Link
            className="y-color my-order"
            replace={false}
            to="/admin/setmenu"
          >
            Set Menu
          </Link>
        </li>
        <li
          className="top-padding li-style"
        >
          <Link
            className="bar1 y-color "
            replace={false}
            to="/dashboard/profile"
          >
            Profile
          </Link>
        </li>
        <li
          className="top-padding li-style"
        >
          <Link
            className="set y-color"
            replace={false}
            to="/dashboard/profile"
          >
            Change Password
          </Link>
        </li>
        <li
          className="top-padding li-style"
        >
          <span
            className="y-color logOut"
            onClick={[Function]}
            role="button"
          >
            LogOut
          </span>
        </li>
      </ul>
    </div>
  </nav>
  <nav
    className="sidebar sidebar2-width nav2"
  >
    <div>
      <em
        className="fa fa-bars l-r-pad-text m-text bar2 y-color"
        onClick={[Function]}
        role="button"
      />
      <h1
        className="l-r-pad-text"
      >
        <a
          href="index.html"
        >
          <em
            className="y-color fa fa-home"
          />
        </a>
      </h1>
      <ul
        className=""
      >
        <li
          className="top-padding li-style"
        >
          <Link
            className="y-color dashboard dashboard-link"
            onMouseEnter={[Function]}
            onMouseLeave={[Function]}
            replace={false}
            to="/dashboard"
          >
            <em
              className="fa fa-dashboard"
            />
          </Link>
          <span
            className="p-dash m-text dash"
          >
            Dashoard
          </span>
        </li>
        <li
          className="top-padding li-style"
        >
          <Link
            className="y-color m-text allMeal-link"
            onMouseEnter={[Function]}
            onMouseLeave={[Function]}
            replace={false}
            to="/admin/allmeals"
          >
            <em
              className="fa fa-list-alt popover all-meal"
            />
          </Link>
          <span
            className="p-all m-text order"
          >
            All Meals
          </span>
        </li>
        <li
          className="top-padding li-style"
        >
          <Link
            className="y-color m-text addmeal-link"
            onMouseEnter={[Function]}
            onMouseLeave={[Function]}
            replace={false}
            to="/admin/addmeals"
          >
            <em
              className="fa fa-cart-plus "
            />
          </Link>
          <span
            className="p-notif m-text "
          >
            Add Meals
          </span>
        </li>
        <li
          className="top-padding li-style"
        >
          <Link
            className="y-color m-text setmeal-link"
            onMouseEnter={[Function]}
            onMouseLeave={[Function]}
            replace={false}
            to="/admin/setmenu"
          >
            <em
              className="fa fa-plus "
            />
          </Link>
          <span
            className="p-notif m-text setmaeal"
          >
            Set Menu
          </span>
        </li>
        <li
          className="top-padding li-style"
        >
          <Link
            className="y-color m-text profile-link"
            onMouseEnter={[Function]}
            onMouseLeave={[Function]}
            replace={false}
            to="dashboard/profile"
          >
            <em
              className="fa fa-user add-meal"
            />
          </Link>
          <label
            className="p-add m-text profile"
          >
            Profile
          </label>
        </li>
        <li
          className="top-padding li-style"
        >
          <Link
            className="y-color m-text cpassword-link"
            onMouseEnter={[Function]}
            onMouseLeave={[Function]}
            replace={false}
            to="dashboard/profile"
          >
            <em
              className="fa fa-edit set-meal"
            />
          </Link>
          <label
            className="p-set m-text 12345"
          >
            Change Password
          </label>
        </li>
        <li
          className="top-padding li-style"
        >
          <span
            className="y-color m-text logout-link"
            onClick={[Function]}
            onMouseEnter={[Function]}
            onMouseLeave={[Function]}
            role="button"
          >
            <em
              className="fa fa-power-off "
            />
          </span>
          <label
            className="p-out m-text logout"
          >
            LougOut
          </label>
        </li>
      </ul>
    </div>
  </nav>
</div>
`;

exports[`Testing of sidebar component should respond to handleClick and handleClose events of setmeal, 2`] = `
<div>
  <nav
    className="sidebar sidebar1-width nav1"
  >
    <div>
      <em
        className="fa fa-bars l-r-pad-text m-text bar1 toggle1"
        onClick={[Function]}
        role="button"
      />
      <h3
        className="y-color l-r-pad-text"
      >
        <Link
          className="y-color"
          replace={false}
          to="/admin"
        >
          ADMIN
        </Link>
      </h3>
      <ul>
        <li
          className="top-padding li-style"
        >
          <Link
            className="y-color"
            replace={false}
            to="/dashboard"
          >
            Dashoard
          </Link>
        </li>
        <li
          className="top-padding li-style"
        >
          <Link
            className="y-color my-order"
            replace={false}
            to="/admin/allmeals"
          >
            All Meals
          </Link>
        </li>
        <li
          className="top-padding li-style"
        >
          <Link
            className="y-color my-order"
            replace={false}
            to="/admin/addmeals"
          >
            Add Meals
          </Link>
        </li>
        <li
          className="top-padding li-style"
        >
          <Link
            className="y-color my-order"
            replace={false}
            to="/admin/setmenu"
          >
            Set Menu
          </Link>
        </li>
        <li
          className="top-padding li-style"
        >
          <Link
            className="bar1 y-color "
            replace={false}
            to="/dashboard/profile"
          >
            Profile
          </Link>
        </li>
        <li
          className="top-padding li-style"
        >
          <Link
            className="set y-color"
            replace={false}
            to="/dashboard/profile"
          >
            Change Password
          </Link>
        </li>
        <li
          className="top-padding li-style"
        >
          <span
            className="y-color logOut"
            onClick={[Function]}
            role="button"
          >
            LogOut
          </span>
        </li>
      </ul>
    </div>
  </nav>
  <nav
    className="sidebar sidebar2-width nav2"
  >
    <div>
      <em
        className="fa fa-bars l-r-pad-text m-text bar2 y-color"
        onClick={[Function]}
        role="button"
      />
      <h1
        className="l-r-pad-text"
      >
        <a
          href="index.html"
        >
          <em
            className="y-color fa fa-home"
          />
        </a>
      </h1>
      <ul
        className=""
      >
        <li
          className="top-padding li-style"
        >
          <Link
            className="y-color dashboard dashboard-link"
            onMouseEnter={[Function]}
            onMouseLeave={[Function]}
            replace={false}
            to="/dashboard"
          >
            <em
              className="fa fa-dashboard"
            />
          </Link>
          <span
            className="p-dash m-text dash"
          >
            Dashoard
          </span>
        </li>
        <li
          className="top-padding li-style"
        >
          <Link
            className="y-color m-text allMeal-link"
            onMouseEnter={[Function]}
            onMouseLeave={[Function]}
            replace={false}
            to="/admin/allmeals"
          >
            <em
              className="fa fa-list-alt popover all-meal"
            />
          </Link>
          <span
            className="p-all m-text order"
          >
            All Meals
          </span>
        </li>
        <li
          className="top-padding li-style"
        >
          <Link
            className="y-color m-text addmeal-link"
            onMouseEnter={[Function]}
            onMouseLeave={[Function]}
            replace={false}
            to="/admin/addmeals"
          >
            <em
              className="fa fa-cart-plus "
            />
          </Link>
          <span
            className="p-notif m-text "
          >
            Add Meals
          </span>
        </li>
        <li
          className="top-padding li-style"
        >
          <Link
            className="y-color m-text setmeal-link"
            onMouseEnter={[Function]}
            onMouseLeave={[Function]}
            replace={false}
            to="/admin/setmenu"
          >
            <em
              className="fa fa-plus "
            />
          </Link>
          <span
            className="p-notif m-text setmaeal"
          >
            Set Menu
          </span>
        </li>
        <li
          className="top-padding li-style"
        >
          <Link
            className="y-color m-text profile-link"
            onMouseEnter={[Function]}
            onMouseLeave={[Function]}
            replace={false}
            to="dashboard/profile"
          >
            <em
              className="fa fa-user add-meal"
            />
          </Link>
          <label
            className="p-add m-text profile"
          >
            Profile
          </label>
        </li>
        <li
          className="top-padding li-style"
        >
          <Link
            className="y-color m-text cpassword-link"
            onMouseEnter={[Function]}
            onMouseLeave={[Function]}
            replace={false}
            to="dashboard/profile"
          >
            <em
              className="fa fa-edit set-meal"
            />
          </Link>
          <label
            className="p-set m-text 12345"
          >
            Change Password
          </label>
        </li>
        <li
          className="top-padding li-style"
        >
          <span
            className="y-color m-text logout-link"
            onClick={[Function]}
            onMouseEnter={[Function]}
            onMouseLeave={[Function]}
            role="button"
          >
            <em
              className="fa fa-power-off "
            />
          </span>
          <label
            className="p-out m-text logout"
          >
            LougOut
          </label>
        </li>
      </ul>
    </div>
  </nav>
</div>
`;

exports[`Testing of sidebar component should respond to handleClick and handleClose events on allmeals, 1`] = `
<div>
  <nav
    className="sidebar sidebar1-width nav1"
  >
    <div>
      <em
        className="fa fa-bars l-r-pad-text m-text bar1 toggle1"
        onClick={[Function]}
        role="button"
      />
      <h3
        className="y-color l-r-pad-text"
      >
        <Link
          className="y-color"
          replace={false}
          to="/admin"
        >
          ADMIN
        </Link>
      </h3>
      <ul>
        <li
          className="top-padding li-style"
        >
          <Link
            className="y-color"
            replace={false}
            to="/dashboard"
          >
            Dashoard
          </Link>
        </li>
        <li
          className="top-padding li-style"
        >
          <Link
            className="y-color my-order"
            replace={false}
            to="/admin/allmeals"
          >
            All Meals
          </Link>
        </li>
        <li
          className="top-padding li-style"
        >
          <Link
            className="y-color my-order"
            replace={false}
            to="/admin/addmeals"
          >
            Add Meals
          </Link>
        </li>
        <li
          className="top-padding li-style"
        >
          <Link
            className="y-color my-order"
            replace={false}
            to="/admin/setmenu"
          >
            Set Menu
          </Link>
        </li>
        <li
          className="top-padding li-style"
        >
          <Link
            className="bar1 y-color "
            replace={false}
            to="/dashboard/profile"
          >
            Profile
          </Link>
        </li>
        <li
          className="top-padding li-style"
        >
          <Link
            className="set y-color"
            replace={false}
            to="/dashboard/profile"
          >
            Change Password
          </Link>
        </li>
        <li
          className="top-padding li-style"
        >
          <span
            className="y-color logOut"
            onClick={[Function]}
            role="button"
          >
            LogOut
          </span>
        </li>
      </ul>
    </div>
  </nav>
  <nav
    className="sidebar sidebar2-width nav2"
  >
    <div>
      <em
        className="fa fa-bars l-r-pad-text m-text bar2 y-color"
        onClick={[Function]}
        role="button"
      />
      <h1
        className="l-r-pad-text"
      >
        <a
          href="index.html"
        >
          <em
            className="y-color fa fa-home"
          />
        </a>
      </h1>
      <ul
        className=""
      >
        <li
          className="top-padding li-style"
        >
          <Link
            className="y-color dashboard dashboard-link"
            onMouseEnter={[Function]}
            onMouseLeave={[Function]}
            replace={false}
            to="/dashboard"
          >
            <em
              className="fa fa-dashboard"
            />
          </Link>
          <span
            className="p-dash m-text dash"
          >
            Dashoard
          </span>
        </li>
        <li
          className="top-padding li-style"
        >
          <Link
            className="y-color m-text allMeal-link"
            onMouseEnter={[Function]}
            onMouseLeave={[Function]}
            replace={false}
            to="/admin/allmeals"
          >
            <em
              className="fa fa-list-alt popover all-meal"
            />
          </Link>
          <span
            className="p-all m-text order"
          >
            All Meals
          </span>
        </li>
        <li
          className="top-padding li-style"
        >
          <Link
            className="y-color m-text addmeal-link"
            onMouseEnter={[Function]}
            onMouseLeave={[Function]}
            replace={false}
            to="/admin/addmeals"
          >
            <em
              className="fa fa-cart-plus "
            />
          </Link>
          <span
            className="p-notif m-text "
          >
            Add Meals
          </span>
        </li>
        <li
          className="top-padding li-style"
        >
          <Link
            className="y-color m-text setmeal-link"
            onMouseEnter={[Function]}
            onMouseLeave={[Function]}
            replace={false}
            to="/admin/setmenu"
          >
            <em
              className="fa fa-plus "
            />
          </Link>
          <span
            className="p-notif m-text setmaeal"
          >
            Set Menu
          </span>
        </li>
        <li
          className="top-padding li-style"
        >
          <Link
            className="y-color m-text profile-link"
            onMouseEnter={[Function]}
            onMouseLeave={[Function]}
            replace={false}
            to="dashboard/profile"
          >
            <em
              className="fa fa-user add-meal"
            />
          </Link>
          <label
            className="p-add m-text profile"
          >
            Profile
          </label>
        </li>
        <li
          className="top-padding li-style"
        >
          <Link
            className="y-color m-text cpassword-link"
            onMouseEnter={[Function]}
            onMouseLeave={[Function]}
            replace={false}
            to="dashboard/profile"
          >
            <em
              className="fa fa-edit set-meal"
            />
          </Link>
          <label
            className="p-set m-text 12345"
          >
            Change Password
          </label>
        </li>
        <li
          className="top-padding li-style"
        >
          <span
            className="y-color m-text logout-link"
            onClick={[Function]}
            onMouseEnter={[Function]}
            onMouseLeave={[Function]}
            role="button"
          >
            <em
              className="fa fa-power-off "
            />
          </span>
          <label
            className="p-out m-text logout"
          >
            LougOut
          </label>
        </li>
      </ul>
    </div>
  </nav>
</div>
`;

exports[`Testing of sidebar component should respond to handleClick and handleClose events on allmeals, 2`] = `
<div>
  <nav
    className="sidebar sidebar1-width nav1"
  >
    <div>
      <em
        className="fa fa-bars l-r-pad-text m-text bar1 toggle1"
        onClick={[Function]}
        role="button"
      />
      <h3
        className="y-color l-r-pad-text"
      >
        <Link
          className="y-color"
          replace={false}
          to="/admin"
        >
          ADMIN
        </Link>
      </h3>
      <ul>
        <li
          className="top-padding li-style"
        >
          <Link
            className="y-color"
            replace={false}
            to="/dashboard"
          >
            Dashoard
          </Link>
        </li>
        <li
          className="top-padding li-style"
        >
          <Link
            className="y-color my-order"
            replace={false}
            to="/admin/allmeals"
          >
            All Meals
          </Link>
        </li>
        <li
          className="top-padding li-style"
        >
          <Link
            className="y-color my-order"
            replace={false}
            to="/admin/addmeals"
          >
            Add Meals
          </Link>
        </li>
        <li
          className="top-padding li-style"
        >
          <Link
            className="y-color my-order"
            replace={false}
            to="/admin/setmenu"
          >
            Set Menu
          </Link>
        </li>
        <li
          className="top-padding li-style"
        >
          <Link
            className="bar1 y-color "
            replace={false}
            to="/dashboard/profile"
          >
            Profile
          </Link>
        </li>
        <li
          className="top-padding li-style"
        >
          <Link
            className="set y-color"
            replace={false}
            to="/dashboard/profile"
          >
            Change Password
          </Link>
        </li>
        <li
          className="top-padding li-style"
        >
          <span
            className="y-color logOut"
            onClick={[Function]}
            role="button"
          >
            LogOut
          </span>
        </li>
      </ul>
    </div>
  </nav>
  <nav
    className="sidebar sidebar2-width nav2"
  >
    <div>
      <em
        className="fa fa-bars l-r-pad-text m-text bar2 y-color"
        onClick={[Function]}
        role="button"
      />
      <h1
        className="l-r-pad-text"
      >
        <a
          href="index.html"
        >
          <em
            className="y-color fa fa-home"
          />
        </a>
      </h1>
      <ul
        className=""
      >
        <li
          className="top-padding li-style"
        >
          <Link
            className="y-color dashboard dashboard-link"
            onMouseEnter={[Function]}
            onMouseLeave={[Function]}
            replace={false}
            to="/dashboard"
          >
            <em
              className="fa fa-dashboard"
            />
          </Link>
          <span
            className="p-dash m-text dash"
          >
            Dashoard
          </span>
        </li>
        <li
          className="top-padding li-style"
        >
          <Link
            className="y-color m-text allMeal-link"
            onMouseEnter={[Function]}
            onMouseLeave={[Function]}
            replace={false}
            to="/admin/allmeals"
          >
            <em
              className="fa fa-list-alt popover all-meal"
            />
          </Link>
          <span
            className="p-all m-text order"
          >
            All Meals
          </span>
        </li>
        <li
          className="top-padding li-style"
        >
          <Link
            className="y-color m-text addmeal-link"
            onMouseEnter={[Function]}
            onMouseLeave={[Function]}
            replace={false}
            to="/admin/addmeals"
          >
            <em
              className="fa fa-cart-plus "
            />
          </Link>
          <span
            className="p-notif m-text "
          >
            Add Meals
          </span>
        </li>
        <li
          className="top-padding li-style"
        >
          <Link
            className="y-color m-text setmeal-link"
            onMouseEnter={[Function]}
            onMouseLeave={[Function]}
            replace={false}
            to="/admin/setmenu"
          >
            <em
              className="fa fa-plus "
            />
          </Link>
          <span
            className="p-notif m-text setmaeal"
          >
            Set Menu
          </span>
        </li>
        <li
          className="top-padding li-style"
        >
          <Link
            className="y-color m-text profile-link"
            onMouseEnter={[Function]}
            onMouseLeave={[Function]}
            replace={false}
            to="dashboard/profile"
          >
            <em
              className="fa fa-user add-meal"
            />
          </Link>
          <label
            className="p-add m-text profile"
          >
            Profile
          </label>
        </li>
        <li
          className="top-padding li-style"
        >
          <Link
            className="y-color m-text cpassword-link"
            onMouseEnter={[Function]}
            onMouseLeave={[Function]}
            replace={false}
            to="dashboard/profile"
          >
            <em
              className="fa fa-edit set-meal"
            />
          </Link>
          <label
            className="p-set m-text 12345"
          >
            Change Password
          </label>
        </li>
        <li
          className="top-padding li-style"
        >
          <span
            className="y-color m-text logout-link"
            onClick={[Function]}
            onMouseEnter={[Function]}
            onMouseLeave={[Function]}
            role="button"
          >
            <em
              className="fa fa-power-off "
            />
          </span>
          <label
            className="p-out m-text logout"
          >
            LougOut
          </label>
        </li>
      </ul>
    </div>
  </nav>
</div>
`;

exports[`Testing of sidebar component should respond to handleClick and handleClose events on allmeals, 3`] = `
<div>
  <nav
    className="sidebar sidebar1-width nav1"
  >
    <div>
      <em
        className="fa fa-bars l-r-pad-text m-text bar1 toggle1"
        onClick={[Function]}
        role="button"
      />
      <h3
        className="y-color l-r-pad-text"
      >
        <Link
          className="y-color"
          replace={false}
          to="/admin"
        >
          ADMIN
        </Link>
      </h3>
      <ul>
        <li
          className="top-padding li-style"
        >
          <Link
            className="y-color"
            replace={false}
            to="/dashboard"
          >
            Dashoard
          </Link>
        </li>
        <li
          className="top-padding li-style"
        >
          <Link
            className="y-color my-order"
            replace={false}
            to="/admin/allmeals"
          >
            All Meals
          </Link>
        </li>
        <li
          className="top-padding li-style"
        >
          <Link
            className="y-color my-order"
            replace={false}
            to="/admin/addmeals"
          >
            Add Meals
          </Link>
        </li>
        <li
          className="top-padding li-style"
        >
          <Link
            className="y-color my-order"
            replace={false}
            to="/admin/setmenu"
          >
            Set Menu
          </Link>
        </li>
        <li
          className="top-padding li-style"
        >
          <Link
            className="bar1 y-color "
            replace={false}
            to="/dashboard/profile"
          >
            Profile
          </Link>
        </li>
        <li
          className="top-padding li-style"
        >
          <Link
            className="set y-color"
            replace={false}
            to="/dashboard/profile"
          >
            Change Password
          </Link>
        </li>
        <li
          className="top-padding li-style"
        >
          <span
            className="y-color logOut"
            onClick={[Function]}
            role="button"
          >
            LogOut
          </span>
        </li>
      </ul>
    </div>
  </nav>
  <nav
    className="sidebar sidebar2-width nav2"
  >
    <div>
      <em
        className="fa fa-bars l-r-pad-text m-text bar2 y-color"
        onClick={[Function]}
        role="button"
      />
      <h1
        className="l-r-pad-text"
      >
        <a
          href="index.html"
        >
          <em
            className="y-color fa fa-home"
          />
        </a>
      </h1>
      <ul
        className=""
      >
        <li
          className="top-padding li-style"
        >
          <Link
            className="y-color dashboard dashboard-link"
            onMouseEnter={[Function]}
            onMouseLeave={[Function]}
            replace={false}
            to="/dashboard"
          >
            <em
              className="fa fa-dashboard"
            />
          </Link>
          <span
            className="p-dash m-text dash"
          >
            Dashoard
          </span>
        </li>
        <li
          className="top-padding li-style"
        >
          <Link
            className="y-color m-text allMeal-link"
            onMouseEnter={[Function]}
            onMouseLeave={[Function]}
            replace={false}
            to="/admin/allmeals"
          >
            <em
              className="fa fa-list-alt popover all-meal"
            />
          </Link>
          <span
            className="p-all m-text order"
          >
            All Meals
          </span>
        </li>
        <li
          className="top-padding li-style"
        >
          <Link
            className="y-color m-text addmeal-link"
            onMouseEnter={[Function]}
            onMouseLeave={[Function]}
            replace={false}
            to="/admin/addmeals"
          >
            <em
              className="fa fa-cart-plus "
            />
          </Link>
          <span
            className="p-notif m-text "
          >
            Add Meals
          </span>
        </li>
        <li
          className="top-padding li-style"
        >
          <Link
            className="y-color m-text setmeal-link"
            onMouseEnter={[Function]}
            onMouseLeave={[Function]}
            replace={false}
            to="/admin/setmenu"
          >
            <em
              className="fa fa-plus "
            />
          </Link>
          <span
            className="p-notif m-text setmaeal"
          >
            Set Menu
          </span>
        </li>
        <li
          className="top-padding li-style"
        >
          <Link
            className="y-color m-text profile-link"
            onMouseEnter={[Function]}
            onMouseLeave={[Function]}
            replace={false}
            to="dashboard/profile"
          >
            <em
              className="fa fa-user add-meal"
            />
          </Link>
          <label
            className="p-add m-text profile"
          >
            Profile
          </label>
        </li>
        <li
          className="top-padding li-style"
        >
          <Link
            className="y-color m-text cpassword-link"
            onMouseEnter={[Function]}
            onMouseLeave={[Function]}
            replace={false}
            to="dashboard/profile"
          >
            <em
              className="fa fa-edit set-meal"
            />
          </Link>
          <label
            className="p-set m-text 12345"
          >
            Change Password
          </label>
        </li>
        <li
          className="top-padding li-style"
        >
          <span
            className="y-color m-text logout-link"
            onClick={[Function]}
            onMouseEnter={[Function]}
            onMouseLeave={[Function]}
            role="button"
          >
            <em
              className="fa fa-power-off "
            />
          </span>
          <label
            className="p-out m-text logout"
          >
            LougOut
          </label>
        </li>
      </ul>
    </div>
  </nav>
</div>
`;

exports[`Testing of sidebar component should respond to handleClick and handleClose of Change Password events, 1`] = `
<div>
  <nav
    className="sidebar sidebar1-width nav1"
  >
    <div>
      <em
        className="fa fa-bars l-r-pad-text m-text bar1 toggle1"
        onClick={[Function]}
        role="button"
      />
      <h3
        className="y-color l-r-pad-text"
      >
        <Link
          className="y-color"
          replace={false}
          to="/admin"
        >
          ADMIN
        </Link>
      </h3>
      <ul>
        <li
          className="top-padding li-style"
        >
          <Link
            className="y-color"
            replace={false}
            to="/dashboard"
          >
            Dashoard
          </Link>
        </li>
        <li
          className="top-padding li-style"
        >
          <Link
            className="y-color my-order"
            replace={false}
            to="/admin/allmeals"
          >
            All Meals
          </Link>
        </li>
        <li
          className="top-padding li-style"
        >
          <Link
            className="y-color my-order"
            replace={false}
            to="/admin/addmeals"
          >
            Add Meals
          </Link>
        </li>
        <li
          className="top-padding li-style"
        >
          <Link
            className="y-color my-order"
            replace={false}
            to="/admin/setmenu"
          >
            Set Menu
          </Link>
        </li>
        <li
          className="top-padding li-style"
        >
          <Link
            className="bar1 y-color "
            replace={false}
            to="/dashboard/profile"
          >
            Profile
          </Link>
        </li>
        <li
          className="top-padding li-style"
        >
          <Link
            className="set y-color"
            replace={false}
            to="/dashboard/profile"
          >
            Change Password
          </Link>
        </li>
        <li
          className="top-padding li-style"
        >
          <span
            className="y-color logOut"
            onClick={[Function]}
            role="button"
          >
            LogOut
          </span>
        </li>
      </ul>
    </div>
  </nav>
  <nav
    className="sidebar sidebar2-width nav2"
  >
    <div>
      <em
        className="fa fa-bars l-r-pad-text m-text bar2 y-color"
        onClick={[Function]}
        role="button"
      />
      <h1
        className="l-r-pad-text"
      >
        <a
          href="index.html"
        >
          <em
            className="y-color fa fa-home"
          />
        </a>
      </h1>
      <ul
        className=""
      >
        <li
          className="top-padding li-style"
        >
          <Link
            className="y-color dashboard dashboard-link"
            onMouseEnter={[Function]}
            onMouseLeave={[Function]}
            replace={false}
            to="/dashboard"
          >
            <em
              className="fa fa-dashboard"
            />
          </Link>
          <span
            className="p-dash m-text dash"
          >
            Dashoard
          </span>
        </li>
        <li
          className="top-padding li-style"
        >
          <Link
            className="y-color m-text allMeal-link"
            onMouseEnter={[Function]}
            onMouseLeave={[Function]}
            replace={false}
            to="/admin/allmeals"
          >
            <em
              className="fa fa-list-alt popover all-meal"
            />
          </Link>
          <span
            className="p-all m-text order"
          >
            All Meals
          </span>
        </li>
        <li
          className="top-padding li-style"
        >
          <Link
            className="y-color m-text addmeal-link"
            onMouseEnter={[Function]}
            onMouseLeave={[Function]}
            replace={false}
            to="/admin/addmeals"
          >
            <em
              className="fa fa-cart-plus "
            />
          </Link>
          <span
            className="p-notif m-text "
          >
            Add Meals
          </span>
        </li>
        <li
          className="top-padding li-style"
        >
          <Link
            className="y-color m-text setmeal-link"
            onMouseEnter={[Function]}
            onMouseLeave={[Function]}
            replace={false}
            to="/admin/setmenu"
          >
            <em
              className="fa fa-plus "
            />
          </Link>
          <span
            className="p-notif m-text setmaeal"
          >
            Set Menu
          </span>
        </li>
        <li
          className="top-padding li-style"
        >
          <Link
            className="y-color m-text profile-link"
            onMouseEnter={[Function]}
            onMouseLeave={[Function]}
            replace={false}
            to="dashboard/profile"
          >
            <em
              className="fa fa-user add-meal"
            />
          </Link>
          <label
            className="p-add m-text profile"
          >
            Profile
          </label>
        </li>
        <li
          className="top-padding li-style"
        >
          <Link
            className="y-color m-text cpassword-link"
            onMouseEnter={[Function]}
            onMouseLeave={[Function]}
            replace={false}
            to="dashboard/profile"
          >
            <em
              className="fa fa-edit set-meal"
            />
          </Link>
          <label
            className="p-set m-text 12345"
          >
            Change Password
          </label>
        </li>
        <li
          className="top-padding li-style"
        >
          <span
            className="y-color m-text logout-link"
            onClick={[Function]}
            onMouseEnter={[Function]}
            onMouseLeave={[Function]}
            role="button"
          >
            <em
              className="fa fa-power-off "
            />
          </span>
          <label
            className="p-out m-text logout"
          >
            LougOut
          </label>
        </li>
      </ul>
    </div>
  </nav>
</div>
`;

exports[`Testing of sidebar component should respond to handleClick and handleClose of logout, 1`] = `
<div>
  <nav
    className="sidebar sidebar1-width nav1"
  >
    <div>
      <em
        className="fa fa-bars l-r-pad-text m-text bar1 toggle1"
        onClick={[Function]}
        role="button"
      />
      <h3
        className="y-color l-r-pad-text"
      >
        <Link
          className="y-color"
          replace={false}
          to="/admin"
        >
          ADMIN
        </Link>
      </h3>
      <ul>
        <li
          className="top-padding li-style"
        >
          <Link
            className="y-color"
            replace={false}
            to="/dashboard"
          >
            Dashoard
          </Link>
        </li>
        <li
          className="top-padding li-style"
        >
          <Link
            className="y-color my-order"
            replace={false}
            to="/admin/allmeals"
          >
            All Meals
          </Link>
        </li>
        <li
          className="top-padding li-style"
        >
          <Link
            className="y-color my-order"
            replace={false}
            to="/admin/addmeals"
          >
            Add Meals
          </Link>
        </li>
        <li
          className="top-padding li-style"
        >
          <Link
            className="y-color my-order"
            replace={false}
            to="/admin/setmenu"
          >
            Set Menu
          </Link>
        </li>
        <li
          className="top-padding li-style"
        >
          <Link
            className="bar1 y-color "
            replace={false}
            to="/dashboard/profile"
          >
            Profile
          </Link>
        </li>
        <li
          className="top-padding li-style"
        >
          <Link
            className="set y-color"
            replace={false}
            to="/dashboard/profile"
          >
            Change Password
          </Link>
        </li>
        <li
          className="top-padding li-style"
        >
          <span
            className="y-color logOut"
            onClick={[Function]}
            role="button"
          >
            LogOut
          </span>
        </li>
      </ul>
    </div>
  </nav>
  <nav
    className="sidebar sidebar2-width nav2"
  >
    <div>
      <em
        className="fa fa-bars l-r-pad-text m-text bar2 y-color"
        onClick={[Function]}
        role="button"
      />
      <h1
        className="l-r-pad-text"
      >
        <a
          href="index.html"
        >
          <em
            className="y-color fa fa-home"
          />
        </a>
      </h1>
      <ul
        className=""
      >
        <li
          className="top-padding li-style"
        >
          <Link
            className="y-color dashboard dashboard-link"
            onMouseEnter={[Function]}
            onMouseLeave={[Function]}
            replace={false}
            to="/dashboard"
          >
            <em
              className="fa fa-dashboard"
            />
          </Link>
          <span
            className="p-dash m-text dash"
          >
            Dashoard
          </span>
        </li>
        <li
          className="top-padding li-style"
        >
          <Link
            className="y-color m-text allMeal-link"
            onMouseEnter={[Function]}
            onMouseLeave={[Function]}
            replace={false}
            to="/admin/allmeals"
          >
            <em
              className="fa fa-list-alt popover all-meal"
            />
          </Link>
          <span
            className="p-all m-text order"
          >
            All Meals
          </span>
        </li>
        <li
          className="top-padding li-style"
        >
          <Link
            className="y-color m-text addmeal-link"
            onMouseEnter={[Function]}
            onMouseLeave={[Function]}
            replace={false}
            to="/admin/addmeals"
          >
            <em
              className="fa fa-cart-plus "
            />
          </Link>
          <span
            className="p-notif m-text "
          >
            Add Meals
          </span>
        </li>
        <li
          className="top-padding li-style"
        >
          <Link
            className="y-color m-text setmeal-link"
            onMouseEnter={[Function]}
            onMouseLeave={[Function]}
            replace={false}
            to="/admin/setmenu"
          >
            <em
              className="fa fa-plus "
            />
          </Link>
          <span
            className="p-notif m-text setmaeal"
          >
            Set Menu
          </span>
        </li>
        <li
          className="top-padding li-style"
        >
          <Link
            className="y-color m-text profile-link"
            onMouseEnter={[Function]}
            onMouseLeave={[Function]}
            replace={false}
            to="dashboard/profile"
          >
            <em
              className="fa fa-user add-meal"
            />
          </Link>
          <label
            className="p-add m-text profile"
          >
            Profile
          </label>
        </li>
        <li
          className="top-padding li-style"
        >
          <Link
            className="y-color m-text cpassword-link"
            onMouseEnter={[Function]}
            onMouseLeave={[Function]}
            replace={false}
            to="dashboard/profile"
          >
            <em
              className="fa fa-edit set-meal"
            />
          </Link>
          <label
            className="p-set m-text 12345"
          >
            Change Password
          </label>
        </li>
        <li
          className="top-padding li-style"
        >
          <span
            className="y-color m-text logout-link"
            onClick={[Function]}
            onMouseEnter={[Function]}
            onMouseLeave={[Function]}
            role="button"
          >
            <em
              className="fa fa-power-off "
            />
          </span>
          <label
            className="p-out m-text logout"
          >
            LougOut
          </label>
        </li>
      </ul>
    </div>
  </nav>
</div>
`;
