// Jest Snapshot v1, https://goo.gl/fbAQLP

exports[`Test Today menu component of menu renders correctly 1`] = `
<div>
  <div
    key="1"
  >
    <button
      className="menuAccordion"
      onClick={[Function]}
    >
      <span
        style={
          Object {
            "float": "right",
            "marginTop": "1.5rem",
          }
        }
      >
        <em
          className="fa fa-plus p-color"
        />
      </span>
      <img
        alt="profile"
        className="user-img rounded-circle"
        src="image/profile.png"
      />
      <br />
    </button>
    <div
      className="showA meal-menu-row spreadundefined"
    >
      <div>
        <i
          aria-hidden="true"
          className="fa fa-spinner fa-spin fa-4x fa-fw"
        />
      </div>
      <div
        className="meal-pagination"
        style={
          Object {
            "width": "100%",
          }
        }
      >
        <a
          activePage={1}
          firstPageText="«"
          getPageUrl={[Function]}
          hideFirstLastPages={false}
          innerClass="pagination"
          itemsCountPerPage={4}
          lastPageText="»"
          nextPageText="⟩"
          onChange={[MockFunction]}
          pageRangeDisplayed={6}
          prevPageText="⟨"
          totalItemsCount={2}
        />
      </div>
    </div>
  </div>
</div>
`;
