// Jest Snapshot v1, https://goo.gl/fbAQLP

exports[`Test Today menu component of menu renders correctly 1`] = `
<div>
  <div
    key="1"
  >
    <button
      className="accordion"
      onClick={[Function]}
    >
      <span
        style={
          Object {
            "float": "right",
            "marginTop": "1.5rem",
          }
        }
      >
        <em
          className="fa fa-plus p-color"
        />
      </span>
      <img
        alt="profile"
        className="user-img rounded-circle"
        src="image/l.png"
      />
      <br />
    </button>
    <div
      className="showA meal-menu-row spreadundefined"
    >
      <div
        className="meal-menu"
        key="1"
      >
        <div
          className="menu-card"
        >
          <div
            className="menu-img-wrap"
          >
            <div
              className="menu-overlay"
            />
            <img
              alt="Avatar"
              className="menu-card-img"
            />
          </div>
          <div
            className="container l-r-pad-text"
          >
            <h4
              className="p-color"
            >
              <b>
                jollof
              </b>
            </h4>
            <button
              className="order1"
              onClick={[Function]}
            >
              <em
                className="fa fa-cart-plus"
              />
                Order
            </button>
          </div>
        </div>
      </div>
    </div>
  </div>
</div>
`;

exports[`Test Today menu component of menu should have three modal-order-content class 1`] = `
<div>
  <div
    key="1"
  >
    <button
      className="accordion"
      onClick={[Function]}
    >
      <span
        style={
          Object {
            "float": "right",
            "marginTop": "1.5rem",
          }
        }
      >
        <em
          className="fa fa-plus p-color"
        />
      </span>
      <img
        alt="profile"
        className="user-img rounded-circle"
        src="image/l.png"
      />
      <br />
    </button>
    <div
      className="showA meal-menu-row spreadundefined"
    >
      <div
        className="meal-menu"
        key="1"
      >
        <div
          className="menu-card"
        >
          <div
            className="menu-img-wrap"
          >
            <div
              className="menu-overlay"
            />
            <img
              alt="Avatar"
              className="menu-card-img"
            />
          </div>
          <div
            className="container l-r-pad-text"
          >
            <h4
              className="p-color"
            >
              <b>
                jollof
              </b>
            </h4>
            <button
              className="order1"
              onClick={[Function]}
            >
              <em
                className="fa fa-cart-plus"
              />
                Order
            </button>
          </div>
        </div>
      </div>
    </div>
  </div>
</div>
`;
