// Jest Snapshot v1, https://goo.gl/fbAQLP

exports[`Test Timeline component of dashboard renders correctly 1`] = `
<div>
  <div
    key="1"
  >
    <h3
      className="p-color text-center"
    >
      Menu by Caterer 
      <Link
        replace={false}
        to="/profile/undefined"
      >
        ken
      </Link>
      <img
        alt="profile"
        className="user-img rounded-circle"
      />
    </h3>
    <div
      className="contents"
      key="1"
    >
      <div
        className="content-wrap"
      >
        <div
          className="col-meal l-r-pad-text"
        >
          <a
            href="image/l.png"
          >
            <img
              alt="menu meal"
              className="rounded-circle img-height"
            />
          </a>
        </div>
        <div
          className="col-meal"
        >
          <h4
            className="p-color"
          >
             Name
          </h4>
          jollof
        </div>
        <div
          className="col-meal"
        >
          <h4
            className="p-color"
          >
            Price(#)
          </h4>
          100
        </div>
        <div
          className="col-meal"
        >
          <h5
            className="p-color"
          >
            <Link
              replace={false}
              to="/detail"
            >
              View
            </Link>
             
            <button
              className="order1"
              onClick={[Function]}
            >
              <em
                className="fa fa-cart-plus"
              />
                Order
            </button>
          </h5>
        </div>
      </div>
    </div>
  </div>
</div>
`;

exports[`Test Timeline component of dashboard should have three modal-order-content class 1`] = `
<div>
  <div
    key="1"
  >
    <h3
      className="p-color text-center"
    >
      Menu by Caterer 
      <Link
        replace={false}
        to="/profile/undefined"
      >
        ken
      </Link>
      <img
        alt="profile"
        className="user-img rounded-circle"
      />
    </h3>
    <div
      className="contents"
      key="1"
    >
      <div
        className="content-wrap"
      >
        <div
          className="col-meal l-r-pad-text"
        >
          <a
            href="image/l.png"
          >
            <img
              alt="menu meal"
              className="rounded-circle img-height"
            />
          </a>
        </div>
        <div
          className="col-meal"
        >
          <h4
            className="p-color"
          >
             Name
          </h4>
          jollof
        </div>
        <div
          className="col-meal"
        >
          <h4
            className="p-color"
          >
            Price(#)
          </h4>
          100
        </div>
        <div
          className="col-meal"
        >
          <h5
            className="p-color"
          >
            <Link
              replace={false}
              to="/detail"
            >
              View
            </Link>
             
            <button
              className="order1"
              onClick={[Function]}
            >
              <em
                className="fa fa-cart-plus"
              />
                Order
            </button>
          </h5>
        </div>
      </div>
    </div>
  </div>
</div>
`;
